// Jest Snapshot v1, https://goo.gl/fbAQLP

exports[`ChatRoomContent Component should render with testing data  1`] = `ShallowWrapper {}`;
