// Jest Snapshot v1, https://goo.gl/fbAQLP

exports[`App App.js renders to the page 1`] = `ShallowWrapper {}`;
