// Jest Snapshot v1, https://goo.gl/fbAQLP

exports[`Login Component should render with testing data  1`] = `ReactWrapper {}`;
